emu:1:1 [0] NCCL INFO ncclOsDlopen(libnccl-env.so) failed: libnccl-env.so: cannot open shared object file: No such file or directory
emu:1:1 [0] NCCL INFO ENV/Plugin: Could not find: libnccl-env.so
emu:1:1 [0] NCCL INFO NCCL_SOCKET_IFNAME set by environment to enp1s0f0np0
emu:1:1 [0] NCCL INFO Bootstrap: Using enp1s0f0np0:10.55.0.3<0>
emu:1:75 [0] NCCL INFO Socket handshake magic 0x564ab9f2fc4b9d6c (built-in default)
emu:1:1 [0] NCCL INFO cudaDriverVersion 13000
emu:1:1 [0] NCCL INFO NCCL version 2.30.7+cuda13.3
emu:1:1 [0] NCCL INFO NCCL git version HEAD a5187fa2e
emu:1:1 [0] NCCL INFO Comm config Blocking set to 1
emu:1:1 [0] NCCL INFO ncclOsDlopen(libnccl-net.so) failed: libnccl-net.so: cannot open shared object file: No such file or directory
emu:1:1 [0] NCCL INFO NET/Plugin: Could not find: libnccl-net.so
emu:1:1 [0] NCCL INFO NCCL_SOCKET_IFNAME set by environment to enp1s0f0np0
emu:1:1 [0] NCCL INFO NCCL_IB_HCA set to rocep1s0f0,roceP2p1s0f0
emu:1:1 [0] NCCL INFO NCCL_IB_MERGE_NICS set by environment to 0.
emu:1:1 [0] NCCL INFO NET/IB : Using [0]rocep1s0f0:1/RoCE [1]roceP2p1s0f0:1/RoCE [RO]; OOB enp1s0f0np0:10.55.0.3<0>
emu:1:1 [0] NCCL INFO Initialized NET plugin IB
emu:1:1 [0] NCCL INFO Assigned NET plugin IB to comm
emu:1:1 [0] NCCL INFO ncclOsDlopen(libnccl-rma.so) failed: libnccl-rma.so: cannot open shared object file: No such file or directory
emu:1:1 [0] NCCL INFO RMA/Plugin: Could not find: libnccl-rma.so
emu:1:1 [0] NCCL INFO RMA/Plugin: Failed to load external plugin libnccl-rma.so, dlHandle: (nil), ncclRma: (nil)
emu:1:1 [0] NCCL INFO RMA/Plugin: Assigned plugin RMA_IB_PROXY to comm
emu:1:1 [0] NCCL INFO ncclOsDlopen(libnccl-gin.so) failed: libnccl-gin.so: cannot open shared object file: No such file or directory
emu:1:1 [0] NCCL INFO GIN/Plugin: Could not find: libnccl-gin.so
emu:1:1 [0] NCCL INFO GIN/Plugin: Failed to load external plugin libnccl-gin.so, dlHandle: (nil), ncclGin: (nil)
emu:1:1 [0] NCCL INFO GIN/Plugin: Assigned plugin GIN_IB_GDAKI type 3 to comm
emu:1:1 [0] NCCL INFO Using network IB
emu:1:1 [0] NCCL INFO Loaded NVML from libnvidia-ml.so.1
emu:1:1 [0] NCCL INFO [Rank 0] ncclCommInitRankConfig comm 0x1fb4c890 rank 0 nranks 2 cudaDev 0 nvmlDev 0 busId f01000 commId 0xa335992b839fed0f - Init START
emu:1:1 [0] NCCL INFO RAS client listening socket at 127.0.0.1<28028>
emu:1:1 [0] NCCL INFO Bootstrap timings total 0.022695 (create 0.000033, send 0.000117, recv 0.002116, ring 0.019165, delay 0.000001)
emu:1:1 [0] NCCL INFO ncclTopoGetCpuAffinity: Affinity for GPU 0 is empty, ignoring. (GPU affinity =  ; CPU affinity = 0-19).
emu:1:1 [0] NCCL INFO Rank 0: 2 Net devices
emu:1:1 [0] NCCL INFO Rank 0: 0 CollNet devices
emu:1:1 [0] NCCL INFO Local Net device counts across ranks: min 2 max 2
emu:1:1 [0] NCCL INFO Local CollNet device counts across ranks: min 0 max 0
emu:1:1 [0] NCCL INFO comm 0x1fb4c890 rank 0 nRanks 2 nNodes 2 localRanks 1 localRank 0 MNNVL 0
emu:1:1 [0] NCCL INFO Channel 00/64 : 0 1
emu:1:1 [0] NCCL INFO Channel 01/64 : 0 1
emu:1:1 [0] NCCL INFO Channel 02/64 : 0 1
emu:1:1 [0] NCCL INFO Channel 03/64 : 0 1
emu:1:1 [0] NCCL INFO Channel 04/64 : 0 1
emu:1:1 [0] NCCL INFO Channel 05/64 : 0 1
emu:1:1 [0] NCCL INFO Channel 06/64 : 0 1
emu:1:1 [0] NCCL INFO Channel 07/64 : 0 1
emu:1:1 [0] NCCL INFO Channel 08/64 : 0 1
emu:1:1 [0] NCCL INFO Channel 09/64 : 0 1
emu:1:1 [0] NCCL INFO Channel 10/64 : 0 1
emu:1:1 [0] NCCL INFO Channel 11/64 : 0 1
emu:1:1 [0] NCCL INFO Channel 12/64 : 0 1
emu:1:1 [0] NCCL INFO Channel 13/64 : 0 1
emu:1:1 [0] NCCL INFO Channel 14/64 : 0 1
emu:1:1 [0] NCCL INFO Channel 15/64 : 0 1
emu:1:1 [0] NCCL INFO Channel 16/64 : 0 1
emu:1:1 [0] NCCL INFO Channel 17/64 : 0 1
emu:1:1 [0] NCCL INFO Channel 18/64 : 0 1
emu:1:1 [0] NCCL INFO Channel 19/64 : 0 1
emu:1:1 [0] NCCL INFO Channel 20/64 : 0 1
emu:1:1 [0] NCCL INFO Channel 21/64 : 0 1
emu:1:1 [0] NCCL INFO Channel 22/64 : 0 1
emu:1:1 [0] NCCL INFO Channel 23/64 : 0 1
emu:1:1 [0] NCCL INFO Channel 24/64 : 0 1
emu:1:1 [0] NCCL INFO Channel 25/64 : 0 1
emu:1:1 [0] NCCL INFO Channel 26/64 : 0 1
emu:1:1 [0] NCCL INFO Channel 27/64 : 0 1
emu:1:1 [0] NCCL INFO Channel 28/64 : 0 1
emu:1:1 [0] NCCL INFO Channel 29/64 : 0 1
emu:1:1 [0] NCCL INFO Channel 30/64 : 0 1
emu:1:1 [0] NCCL INFO Channel 31/64 : 0 1
emu:1:1 [0] NCCL INFO Channel 32/64 : 0 1
emu:1:1 [0] NCCL INFO Channel 33/64 : 0 1
emu:1:1 [0] NCCL INFO Channel 34/64 : 0 1
emu:1:1 [0] NCCL INFO Channel 35/64 : 0 1
emu:1:1 [0] NCCL INFO Channel 36/64 : 0 1
emu:1:1 [0] NCCL INFO Channel 37/64 : 0 1
emu:1:1 [0] NCCL INFO Channel 38/64 : 0 1
emu:1:1 [0] NCCL INFO Channel 39/64 : 0 1
emu:1:1 [0] NCCL INFO Channel 40/64 : 0 1
emu:1:1 [0] NCCL INFO Channel 41/64 : 0 1
emu:1:1 [0] NCCL INFO Channel 42/64 : 0 1
emu:1:1 [0] NCCL INFO Channel 43/64 : 0 1
emu:1:1 [0] NCCL INFO Channel 44/64 : 0 1
emu:1:1 [0] NCCL INFO Channel 45/64 : 0 1
emu:1:1 [0] NCCL INFO Channel 46/64 : 0 1
emu:1:1 [0] NCCL INFO Channel 47/64 : 0 1
emu:1:1 [0] NCCL INFO Channel 48/64 : 0 1
emu:1:1 [0] NCCL INFO Channel 49/64 : 0 1
emu:1:1 [0] NCCL INFO Channel 50/64 : 0 1
emu:1:1 [0] NCCL INFO Channel 51/64 : 0 1
emu:1:1 [0] NCCL INFO Channel 52/64 : 0 1
emu:1:1 [0] NCCL INFO Channel 53/64 : 0 1
emu:1:1 [0] NCCL INFO Channel 54/64 : 0 1
emu:1:1 [0] NCCL INFO Channel 55/64 : 0 1
emu:1:1 [0] NCCL INFO Channel 56/64 : 0 1
emu:1:1 [0] NCCL INFO Channel 57/64 : 0 1
emu:1:1 [0] NCCL INFO Channel 58/64 : 0 1
emu:1:1 [0] NCCL INFO Channel 59/64 : 0 1
emu:1:1 [0] NCCL INFO Channel 60/64 : 0 1
emu:1:1 [0] NCCL INFO Channel 61/64 : 0 1
emu:1:1 [0] NCCL INFO Channel 62/64 : 0 1
emu:1:1 [0] NCCL INFO Channel 63/64 : 0 1
emu:1:1 [0] NCCL INFO Trees [0] 1/-1/-1->0->-1 [1] 1/-1/-1->0->-1 [2] 1/-1/-1->0->-1 [3] 1/-1/-1->0->-1 [4] 1/-1/-1->0->-1 [5] 1/-1/-1->0->-1 [6] 1/-1/-1->0->-1 [7] 1/-1/-1->0->-1 [8] 1/-1/-1->0->-1 [9] 1/-1/-1->0->-1 [10] 1/-1/-1->0->-1 [11] 1/-1/-1->0->-1 [12] 1/-1/-1->0->-1 [13] 1/-1/-1->0->-1 [14] 1/-1/-1->0->-1 [15] 1/-1/-1->0->-1 [16] 1/-1/-1->0->-1 [17] 1/-1/-1->0->-1 [18] 1/-1/-1->0->-1 [19] 1/-1/-1->0->-1 [20] 1/-1/-1->0->-1 [21] 1/-1/-1->0->-1 [22] 1/-1/-1->0->-1 [23] 1/-1/-1->0->-1 [24] 1/-1/-1->0->-1 [25] 1/-1/-1->0->-1 [26] 1/-1/-1->0->-1 [27] 1/-1/-1->0->-1 [28] 1/-1/-1->0->-1 [29] 1/-1/-1->0->-1 [30] 1/-1/-1->0->-1 [31] 1/-1/-1->0->-1 [32] -1/-1/-1->0->1 [33] -1/-1/-1->0->1 [34] -1/-1/-1->0->1 [35] -1/-1/-1->0->1 [36] -1/-1/-1->0->1 [37] -1/-1/-1->0->1 [38] -1/-1/-1->0->1 [39] -1/-1/-1->0->1 [40] -1/-1/-1->0->1 [41] -1/-1/-1->0->1 [42] -1/-1/-1->0->1 [43] -1/-1/-1->0->1 [44] -1/-1/-1->0->1 [45] -1/-1/-1->0->1 [46] -1/-1/-1->0->1 [47] -1/-1/-1->0->1 [48] -1/-1/-1->0->1 [49] -1/-1/-1->0->1 [50] -1/-1/-1->0->1 [51] -1/-1/
emu:1:1 [0] NCCL INFO P2P Chunksize set to 262144
emu:1:1 [0] NCCL INFO Tuning P2P operations with maxP2pPeers = 2
emu:1:1 [0] NCCL INFO ncclOsDlopen(libnccl-profiler.so) failed: libnccl-profiler.so: cannot open shared object file: No such file or directory
emu:1:1 [0] NCCL INFO PROFILER/Plugin: Could not find: libnccl-profiler.so
emu:1:1 [0] NCCL INFO Check P2P Type isAllDirectP2p 1 directMode 0 isAllCudaP2p 1
emu:1:79 [0] NCCL INFO [Proxy Service] Device 0 CPU core 16
emu:1:80 [0] NCCL INFO [Proxy Service UDS] Device 0 CPU core 13
emu:1:79 [0] NCCL INFO proxy listening socket at 10.55.0.3<42485>
emu:1:1 [0] NCCL INFO ncclOsDlopen(libnccl-tuner.so) failed: libnccl-tuner.so: cannot open shared object file: No such file or directory
emu:1:1 [0] NCCL INFO TUNER/Plugin: Could not find: libnccl-tuner.so
emu:1:1 [0] NCCL INFO threadThresholds 8/8/64 | 16/8/64 | 512 | 512
emu:1:1 [0] NCCL INFO 64 coll channels, 64 collnet channels, 0 nvls channels, 64 p2p channels, 2 p2p channels per peer
emu:1:1 [0] NCCL INFO Symmetric memory is not supported. cuMemEnable 1, globalGinSupport 0, cuMemGdrSupport 0
emu:1:1 [0] NCCL INFO CC Off, workFifoBytes 1048576
emu:1:1 [0] NCCL INFO ncclCommInitRankConfig comm 0x1fb4c890 rank 0 nranks 2 cudaDev 0 nvmlDev 0 busId f01000 commId 0xa335992b839fed0f - Init COMPLETE
emu:1:1 [0] NCCL INFO Init timings - ncclCommInitRankConfig: rank 0 nranks 2 total 0.28 (kernels 0.17, alloc 0.05, bootstrap 0.02, allgathers 0.00, topo 0.01, graphs 0.00, connections 0.02, rest 0.00)
emu:1:1 [0] NCCL INFO Channel 00/0 : 1[0] -> 0[0] [receive] via NET/IB/0
emu:1:81 [0] NCCL INFO [Proxy Progress] Device 0 CPU core 7
emu:1:1 [0] NCCL INFO Channel 01/0 : 1[0] -> 0[0] [receive] via NET/IB/1
emu:1:1 [0] NCCL INFO Channel 02/0 : 1[0] -> 0[0] [receive] via NET/IB/0
emu:1:1 [0] NCCL INFO Channel 03/0 : 1[0] -> 0[0] [receive] via NET/IB/1
emu:1:1 [0] NCCL INFO Channel 04/0 : 1[0] -> 0[0] [receive] via NET/IB/0
emu:1:1 [0] NCCL INFO Channel 05/0 : 1[0] -> 0[0] [receive] via NET/IB/1
emu:1:1 [0] NCCL INFO Channel 06/0 : 1[0] -> 0[0] [receive] via NET/IB/0
emu:1:1 [0] NCCL INFO Channel 07/0 : 1[0] -> 0[0] [receive] via NET/IB/1
emu:1:1 [0] NCCL INFO Channel 08/0 : 1[0] -> 0[0] [receive] via NET/IB/0
emu:1:1 [0] NCCL INFO Channel 09/0 : 1[0] -> 0[0] [receive] via NET/IB/1
emu:1:1 [0] NCCL INFO Channel 10/0 : 1[0] -> 0[0] [receive] via NET/IB/0
emu:1:1 [0] NCCL INFO Channel 11/0 : 1[0] -> 0[0] [receive] via NET/IB/1
emu:1:1 [0] NCCL INFO Channel 12/0 : 1[0] -> 0[0] [receive] via NET/IB/0
emu:1:1 [0] NCCL INFO Channel 13/0 : 1[0] -> 0[0] [receive] via NET/IB/1
emu:1:1 [0] NCCL INFO Channel 14/0 : 1[0] -> 0[0] [receive] via NET/IB/0
emu:1:1 [0] NCCL INFO Channel 15/0 : 1[0] -> 0[0] [receive] via NET/IB/1
emu:1:1 [0] NCCL INFO Channel 16/0 : 1[0] -> 0[0] [receive] via NET/IB/0
emu:1:1 [0] NCCL INFO Channel 17/0 : 1[0] -> 0[0] [receive] via NET/IB/1
emu:1:1 [0] NCCL INFO Channel 18/0 : 1[0] -> 0[0] [receive] via NET/IB/0
emu:1:1 [0] NCCL INFO Channel 19/0 : 1[0] -> 0[0] [receive] via NET/IB/1
emu:1:1 [0] NCCL INFO Channel 20/0 : 1[0] -> 0[0] [receive] via NET/IB/0
emu:1:1 [0] NCCL INFO Channel 21/0 : 1[0] -> 0[0] [receive] via NET/IB/1
emu:1:1 [0] NCCL INFO Channel 22/0 : 1[0] -> 0[0] [receive] via NET/IB/0
emu:1:1 [0] NCCL INFO Channel 23/0 : 1[0] -> 0[0] [receive] via NET/IB/1
emu:1:1 [0] NCCL INFO Channel 24/0 : 1[0] -> 0[0] [receive] via NET/IB/0
emu:1:1 [0] NCCL INFO Channel 25/0 : 1[0] -> 0[0] [receive] via NET/IB/1
emu:1:1 [0] NCCL INFO Channel 26/0 : 1[0] -> 0[0] [receive] via NET/IB/0
emu:1:1 [0] NCCL INFO Channel 27/0 : 1[0] -> 0[0] [receive] via NET/IB/1
emu:1:1 [0] NCCL INFO Channel 28/0 : 1[0] -> 0[0] [receive] via NET/IB/0
emu:1:1 [0] NCCL INFO Channel 29/0 : 1[0] -> 0[0] [receive] via NET/IB/1
emu:1:1 [0] NCCL INFO Channel 30/0 : 1[0] -> 0[0] [receive] via NET/IB/0
emu:1:1 [0] NCCL INFO Channel 31/0 : 1[0] -> 0[0] [receive] via NET/IB/1
emu:1:1 [0] NCCL INFO Channel 32/0 : 1[0] -> 0[0] [receive] via NET/IB/0
emu:1:1 [0] NCCL INFO Channel 33/0 : 1[0] -> 0[0] [receive] via NET/IB/1
emu:1:1 [0] NCCL INFO Channel 34/0 : 1[0] -> 0[0] [receive] via NET/IB/0
emu:1:1 [0] NCCL INFO Channel 35/0 : 1[0] -> 0[0] [receive] via NET/IB/1
emu:1:1 [0] NCCL INFO Channel 36/0 : 1[0] -> 0[0] [receive] via NET/IB/0
emu:1:1 [0] NCCL INFO Channel 37/0 : 1[0] -> 0[0] [receive] via NET/IB/1
emu:1:1 [0] NCCL INFO Channel 38/0 : 1[0] -> 0[0] [receive] via NET/IB/0
emu:1:1 [0] NCCL INFO Channel 39/0 : 1[0] -> 0[0] [receive] via NET/IB/1
emu:1:1 [0] NCCL INFO Channel 40/0 : 1[0] -> 0[0] [receive] via NET/IB/0
emu:1:1 [0] NCCL INFO Channel 41/0 : 1[0] -> 0[0] [receive] via NET/IB/1
emu:1:1 [0] NCCL INFO Channel 42/0 : 1[0] -> 0[0] [receive] via NET/IB/0
emu:1:1 [0] NCCL INFO Channel 43/0 : 1[0] -> 0[0] [receive] via NET/IB/1
emu:1:1 [0] NCCL INFO Channel 44/0 : 1[0] -> 0[0] [receive] via NET/IB/0
emu:1:1 [0] NCCL INFO Channel 45/0 : 1[0] -> 0[0] [receive] via NET/IB/1
emu:1:1 [0] NCCL INFO Channel 46/0 : 1[0] -> 0[0] [receive] via NET/IB/0
emu:1:1 [0] NCCL INFO Channel 47/0 : 1[0] -> 0[0] [receive] via NET/IB/1
emu:1:1 [0] NCCL INFO Channel 48/0 : 1[0] -> 0[0] [receive] via NET/IB/0
emu:1:1 [0] NCCL INFO Channel 49/0 : 1[0] -> 0[0] [receive] via NET/IB/1
emu:1:1 [0] NCCL INFO Channel 50/0 : 1[0] -> 0[0] [receive] via NET/IB/0
emu:1:1 [0] NCCL INFO Channel 51/0 : 1[0] -> 0[0] [receive] via NET/IB/1
emu:1:1 [0] NCCL INFO Channel 52/0 : 1[0] -> 0[0] [receive] via NET/IB/0
emu:1:1 [0] NCCL INFO Channel 53/0 : 1[0] -> 0[0] [receive] via NET/IB/1
emu:1:1 [0] NCCL INFO Channel 54/0 : 1[0] -> 0[0] [receive] via NET/IB/0
emu:1:1 [0] NCCL INFO Channel 55/0 : 1[0] -> 0[0] [receive] via NET/IB/1
emu:1:1 [0] NCCL INFO Channel 56/0 : 1[0] -> 0[0] [receive] via NET/IB/0
emu:1:1 [0] NCCL INFO Channel 57/0 : 1[0] -> 0[0] [receive] via NET/IB/1
emu:1:1 [0] NCCL INFO Channel 58/0 : 1[0] -> 0[0] [receive] via NET/IB/0
emu:1:1 [0] NCCL INFO Channel 59/0 : 1[0] -> 0[0] [receive] via NET/IB/1
emu:1:1 [0] NCCL INFO Channel 60/0 : 1[0] -> 0[0] [receive] via NET/IB/0
emu:1:1 [0] NCCL INFO Channel 61/0 : 1[0] -> 0[0] [receive] via NET/IB/1
emu:1:1 [0] NCCL INFO Channel 62/0 : 1[0] -> 0[0] [receive] via NET/IB/0
emu:1:1 [0] NCCL INFO Channel 63/0 : 1[0] -> 0[0] [receive] via NET/IB/1
emu:1:1 [0] NCCL INFO Channel 00/0 : 0[0] -> 1[0] [send] via NET/IB/0
emu:1:1 [0] NCCL INFO Channel 01/0 : 0[0] -> 1[0] [send] via NET/IB/1
emu:1:1 [0] NCCL INFO Channel 02/0 : 0[0] -> 1[0] [send] via NET/IB/0
emu:1:1 [0] NCCL INFO Channel 03/0 : 0[0] -> 1[0] [send] via NET/IB/1
emu:1:1 [0] NCCL INFO Channel 04/0 : 0[0] -> 1[0] [send] via NET/IB/0
emu:1:1 [0] NCCL INFO Channel 05/0 : 0[0] -> 1[0] [send] via NET/IB/1
emu:1:1 [0] NCCL INFO Channel 06/0 : 0[0] -> 1[0] [send] via NET/IB/0
emu:1:1 [0] NCCL INFO Channel 07/0 : 0[0] -> 1[0] [send] via NET/IB/1
emu:1:1 [0] NCCL INFO Channel 08/0 : 0[0] -> 1[0] [send] via NET/IB/0
emu:1:1 [0] NCCL INFO Channel 09/0 : 0[0] -> 1[0] [send] via NET/IB/1
emu:1:1 [0] NCCL INFO Channel 10/0 : 0[0] -> 1[0] [send] via NET/IB/0
emu:1:1 [0] NCCL INFO Channel 11/0 : 0[0] -> 1[0] [send] via NET/IB/1
emu:1:1 [0] NCCL INFO Channel 12/0 : 0[0] -> 1[0] [send] via NET/IB/0
emu:1:1 [0] NCCL INFO Channel 13/0 : 0[0] -> 1[0] [send] via NET/IB/1
emu:1:1 [0] NCCL INFO Channel 14/0 : 0[0] -> 1[0] [send] via NET/IB/0
emu:1:1 [0] NCCL INFO Channel 15/0 : 0[0] -> 1[0] [send] via NET/IB/1
emu:1:1 [0] NCCL INFO Channel 16/0 : 0[0] -> 1[0] [send] via NET/IB/0
emu:1:1 [0] NCCL INFO Channel 17/0 : 0[0] -> 1[0] [send] via NET/IB/1
emu:1:1 [0] NCCL INFO Channel 18/0 : 0[0] -> 1[0] [send] via NET/IB/0
emu:1:1 [0] NCCL INFO Channel 19/0 : 0[0] -> 1[0] [send] via NET/IB/1
emu:1:1 [0] NCCL INFO Channel 20/0 : 0[0] -> 1[0] [send] via NET/IB/0
emu:1:1 [0] NCCL INFO Channel 21/0 : 0[0] -> 1[0] [send] via NET/IB/1
emu:1:1 [0] NCCL INFO Channel 22/0 : 0[0] -> 1[0] [send] via NET/IB/0
emu:1:1 [0] NCCL INFO Channel 23/0 : 0[0] -> 1[0] [send] via NET/IB/1
emu:1:1 [0] NCCL INFO Channel 24/0 : 0[0] -> 1[0] [send] via NET/IB/0
emu:1:1 [0] NCCL INFO Channel 25/0 : 0[0] -> 1[0] [send] via NET/IB/1
emu:1:1 [0] NCCL INFO Channel 26/0 : 0[0] -> 1[0] [send] via NET/IB/0
emu:1:1 [0] NCCL INFO Channel 27/0 : 0[0] -> 1[0] [send] via NET/IB/1
emu:1:1 [0] NCCL INFO Channel 28/0 : 0[0] -> 1[0] [send] via NET/IB/0
emu:1:1 [0] NCCL INFO Channel 29/0 : 0[0] -> 1[0] [send] via NET/IB/1
emu:1:1 [0] NCCL INFO Channel 30/0 : 0[0] -> 1[0] [send] via NET/IB/0
emu:1:1 [0] NCCL INFO Channel 31/0 : 0[0] -> 1[0] [send] via NET/IB/1
emu:1:1 [0] NCCL INFO Channel 32/0 : 0[0] -> 1[0] [send] via NET/IB/0
emu:1:1 [0] NCCL INFO Channel 33/0 : 0[0] -> 1[0] [send] via NET/IB/1
emu:1:1 [0] NCCL INFO Channel 34/0 : 0[0] -> 1[0] [send] via NET/IB/0
emu:1:1 [0] NCCL INFO Channel 35/0 : 0[0] -> 1[0] [send] via NET/IB/1
emu:1:1 [0] NCCL INFO Channel 36/0 : 0[0] -> 1[0] [send] via NET/IB/0
emu:1:1 [0] NCCL INFO Channel 37/0 : 0[0] -> 1[0] [send] via NET/IB/1
emu:1:1 [0] NCCL INFO Channel 38/0 : 0[0] -> 1[0] [send] via NET/IB/0
emu:1:1 [0] NCCL INFO Channel 39/0 : 0[0] -> 1[0] [send] via NET/IB/1
emu:1:1 [0] NCCL INFO Channel 40/0 : 0[0] -> 1[0] [send] via NET/IB/0
emu:1:1 [0] NCCL INFO Channel 41/0 : 0[0] -> 1[0] [send] via NET/IB/1
emu:1:1 [0] NCCL INFO Channel 42/0 : 0[0] -> 1[0] [send] via NET/IB/0
emu:1:1 [0] NCCL INFO Channel 43/0 : 0[0] -> 1[0] [send] via NET/IB/1
emu:1:1 [0] NCCL INFO Channel 44/0 : 0[0] -> 1[0] [send] via NET/IB/0
emu:1:1 [0] NCCL INFO Channel 45/0 : 0[0] -> 1[0] [send] via NET/IB/1
emu:1:1 [0] NCCL INFO Channel 46/0 : 0[0] -> 1[0] [send] via NET/IB/0
emu:1:1 [0] NCCL INFO Channel 47/0 : 0[0] -> 1[0] [send] via NET/IB/1
emu:1:1 [0] NCCL INFO Channel 48/0 : 0[0] -> 1[0] [send] via NET/IB/0
emu:1:1 [0] NCCL INFO Channel 49/0 : 0[0] -> 1[0] [send] via NET/IB/1
emu:1:1 [0] NCCL INFO Channel 50/0 : 0[0] -> 1[0] [send] via NET/IB/0
emu:1:1 [0] NCCL INFO Channel 51/0 : 0[0] -> 1[0] [send] via NET/IB/1
emu:1:1 [0] NCCL INFO Channel 52/0 : 0[0] -> 1[0] [send] via NET/IB/0
emu:1:1 [0] NCCL INFO Channel 53/0 : 0[0] -> 1[0] [send] via NET/IB/1
emu:1:1 [0] NCCL INFO Channel 54/0 : 0[0] -> 1[0] [send] via NET/IB/0
emu:1:1 [0] NCCL INFO Channel 55/0 : 0[0] -> 1[0] [send] via NET/IB/1
emu:1:1 [0] NCCL INFO Channel 56/0 : 0[0] -> 1[0] [send] via NET/IB/0
emu:1:1 [0] NCCL INFO Channel 57/0 : 0[0] -> 1[0] [send] via NET/IB/1
emu:1:1 [0] NCCL INFO Channel 58/0 : 0[0] -> 1[0] [send] via NET/IB/0
emu:1:1 [0] NCCL INFO Channel 59/0 : 0[0] -> 1[0] [send] via NET/IB/1
emu:1:1 [0] NCCL INFO Channel 60/0 : 0[0] -> 1[0] [send] via NET/IB/0
emu:1:1 [0] NCCL INFO Channel 61/0 : 0[0] -> 1[0] [send] via NET/IB/1
emu:1:1 [0] NCCL INFO Channel 62/0 : 0[0] -> 1[0] [send] via NET/IB/0
emu:1:1 [0] NCCL INFO Channel 63/0 : 0[0] -> 1[0] [send] via NET/IB/1
emu:1:79 [0] NCCL INFO NCCL_IB_GID_INDEX set by environment to 3.
emu:1:1 [0] NCCL INFO Connected all rings, use ring PXN 0 GDR 0
{"host": "emu", "rank": 0, "world_size": 2, "elements": 1, "eager_exact": true, "graph_replay_exact": true}
{"host": "emu", "rank": 0, "world_size": 2, "elements": 4096, "eager_exact": true, "graph_replay_exact": true}
{"host": "emu", "rank": 0, "world_size": 2, "elements": 1048576, "eager_exact": true, "graph_replay_exact": true}
{"rank": 0, "status": "complete", "teardown": "returned"}
