The push refers to repository [ghcr.io/tpurtell/glm-5.3-flash-trellismx-spark]
a4e43d00e9e8: Preparing
c027a685ed6b: Preparing
e9460d19ae34: Preparing
29a9ab041169: Preparing
d84065689f4d: Preparing
922824bed641: Preparing
3cad22733546: Preparing
6f883c82507b: Preparing
00866cc0d88b: Preparing
96f64473d58a: Preparing
f0f698661e18: Preparing
5e5d4a89ae72: Preparing
a5a1971971f7: Preparing
480faf00ea98: Preparing
d603cf4a363e: Preparing
a83c7e5b51e6: Preparing
fea4902e4020: Preparing
e848412cf1e7: Preparing
e998a7c0616d: Preparing
3cf60a723ff2: Preparing
d71402817529: Preparing
3eed143915fc: Preparing
d5e263a41490: Preparing
b59feb230e8a: Preparing
b0005cf3016d: Preparing
56aef9d2a282: Preparing
85f9714d0310: Preparing
16847082084e: Preparing
fd34fe92bfd7: Preparing
eac0a17ce24e: Preparing
f278f09e5033: Preparing
0ecb16e6aaab: Preparing
c426de37a2c6: Preparing
86bb3e4fcb4f: Preparing
e0ccaab09ac8: Preparing
d39a526df673: Preparing
4b65ab20ed7d: Preparing
631f3ff4d4aa: Preparing
b7d4f1883462: Preparing
f92680a6edd3: Preparing
0e07a7a1ae89: Preparing
36adf899a5fa: Preparing
9b2de7f6c2b1: Preparing
007c18bce6d6: Preparing
d48defbff252: Preparing
e5722737ecd6: Preparing
2da453fba691: Preparing
92b6c698e639: Preparing
7f03dd22357e: Preparing
beeee5c62ce7: Preparing
b6c69e3687cd: Preparing
2100ed0c6e43: Preparing
53b44ea813f3: Preparing
c27d840ed346: Preparing
c76191c71d71: Preparing
763de18752a6: Preparing
9337cf0a574c: Preparing
8a3663a3ab53: Preparing
d688c2e165a0: Preparing
ae00bc353511: Preparing
0ff08e00de1c: Preparing
c1ffbdfcbb36: Preparing
411d503d2dc0: Preparing
6f883c82507b: Waiting
4ff0fb1cb656: Preparing
00866cc0d88b: Waiting
3d95519b3b9d: Preparing
96f64473d58a: Waiting
54f2b15b3ae7: Preparing
f0f698661e18: Waiting
5e5d4a89ae72: Waiting
3b933de9ea37: Preparing
fd6a57223daf: Preparing
a5a1971971f7: Waiting
f62b9e3871a7: Preparing
480faf00ea98: Waiting
56d823427e3b: Preparing
d603cf4a363e: Waiting
0ba2d27e6372: Preparing
a83c7e5b51e6: Waiting
2f6ab5284a44: Preparing
fea4902e4020: Waiting
b219246a5075: Preparing
e848412cf1e7: Waiting
5f70bf18a086: Preparing
e998a7c0616d: Waiting
3cf60a723ff2: Waiting
e4fba1275782: Preparing
d71402817529: Waiting
6c49f8c352f1: Preparing
3eed143915fc: Waiting
d5e263a41490: Waiting
2250ef72a595: Preparing
930575f36f18: Preparing
b59feb230e8a: Waiting
b0005cf3016d: Waiting
e0ccaab09ac8: Waiting
56aef9d2a282: Waiting
85f9714d0310: Waiting
d39a526df673: Waiting
16847082084e: Waiting
4b65ab20ed7d: Waiting
fd34fe92bfd7: Waiting
eac0a17ce24e: Waiting
631f3ff4d4aa: Waiting
f278f09e5033: Waiting
0ecb16e6aaab: Waiting
c426de37a2c6: Waiting
86bb3e4fcb4f: Waiting
7012a32e0039: Preparing
aba003c06511: Preparing
5f70bf18a086: Preparing
ddf4e4b0ae88: Preparing
4387a5931d9d: Preparing
915477d30c97: Preparing
f3dfd58ccd85: Preparing
9da45ff75753: Preparing
c40f740e695d: Preparing
772ec40f4795: Preparing
e48e1e27edc5: Preparing
b7d4f1883462: Waiting
6c54ea90bb3e: Preparing
135c9fbbf8bf: Preparing
f92680a6edd3: Waiting
5f70bf18a086: Preparing
f229b3f4a1a2: Preparing
3cad22733546: Waiting
0e07a7a1ae89: Waiting
e26d64a5ff0e: Preparing
36adf899a5fa: Waiting
8021dc4212b9: Preparing
c27d840ed346: Waiting
51623680a5fd: Preparing
922824bed641: Waiting
0bb80731929d: Preparing
9b2de7f6c2b1: Waiting
c76191c71d71: Waiting
cac92aab64df: Preparing
763de18752a6: Waiting
007c18bce6d6: Waiting
0fed2f3a9f12: Preparing
9337cf0a574c: Waiting
d48defbff252: Waiting
8a3663a3ab53: Waiting
e5722737ecd6: Waiting
d688c2e165a0: Waiting
deceffc7b384: Preparing
b219246a5075: Waiting
ae00bc353511: Waiting
f229b3f4a1a2: Waiting
5f70bf18a086: Waiting
9da45ff75753: Waiting
45fffb5c0d32: Preparing
e26d64a5ff0e: Waiting
0ff08e00de1c: Waiting
e4fba1275782: Waiting
495bbaf4cc5c: Preparing
8021dc4212b9: Waiting
c40f740e695d: Waiting
6c49f8c352f1: Waiting
cc18467866bc: Preparing
b60fd1af0a9d: Preparing
2250ef72a595: Waiting
772ec40f4795: Waiting
a52c02546417: Preparing
930575f36f18: Waiting
2da453fba691: Waiting
187d2314ef56: Preparing
7012a32e0039: Waiting
92b6c698e639: Waiting
c1ffbdfcbb36: Waiting
aba003c06511: Waiting
e48e1e27edc5: Waiting
7f03dd22357e: Waiting
b6c69e3687cd: Waiting
51623680a5fd: Waiting
ddf4e4b0ae88: Waiting
beeee5c62ce7: Waiting
0bb80731929d: Waiting
6c54ea90bb3e: Waiting
2100ed0c6e43: Waiting
cc18467866bc: Waiting
4387a5931d9d: Waiting
b60fd1af0a9d: Waiting
53b44ea813f3: Waiting
135c9fbbf8bf: Waiting
a52c02546417: Waiting
411d503d2dc0: Waiting
915477d30c97: Waiting
cac92aab64df: Waiting
187d2314ef56: Waiting
f3dfd58ccd85: Waiting
4ff0fb1cb656: Waiting
3b933de9ea37: Waiting
3d95519b3b9d: Waiting
45fffb5c0d32: Waiting
495bbaf4cc5c: Waiting
fd6a57223daf: Waiting
0fed2f3a9f12: Waiting
deceffc7b384: Waiting
f62b9e3871a7: Waiting
56d823427e3b: Waiting
0ba2d27e6372: Waiting
2f6ab5284a44: Waiting
c027a685ed6b: Pushed
a4e43d00e9e8: Pushed
e9460d19ae34: Pushed
29a9ab041169: Pushed
d84065689f4d: Pushed
6f883c82507b: Layer already exists
96f64473d58a: Layer already exists
f0f698661e18: Layer already exists
5e5d4a89ae72: Layer already exists
a5a1971971f7: Layer already exists
480faf00ea98: Layer already exists
922824bed641: Pushed
00866cc0d88b: Layer already exists
a83c7e5b51e6: Layer already exists
fea4902e4020: Layer already exists
d603cf4a363e: Layer already exists
e998a7c0616d: Layer already exists
3cf60a723ff2: Layer already exists
d71402817529: Layer already exists
3eed143915fc: Layer already exists
d5e263a41490: Layer already exists
b59feb230e8a: Layer already exists
b0005cf3016d: Layer already exists
3cad22733546: Pushed
56aef9d2a282: Layer already exists
e848412cf1e7: Layer already exists
85f9714d0310: Layer already exists
16847082084e: Layer already exists
f278f09e5033: Layer already exists
0ecb16e6aaab: Layer already exists
eac0a17ce24e: Layer already exists
c426de37a2c6: Layer already exists
fd34fe92bfd7: Layer already exists
e0ccaab09ac8: Layer already exists
86bb3e4fcb4f: Layer already exists
d39a526df673: Layer already exists
4b65ab20ed7d: Layer already exists
b7d4f1883462: Layer already exists
631f3ff4d4aa: Layer already exists
f92680a6edd3: Layer already exists
0e07a7a1ae89: Layer already exists
d48defbff252: Layer already exists
007c18bce6d6: Layer already exists
e5722737ecd6: Layer already exists
92b6c698e639: Layer already exists
36adf899a5fa: Layer already exists
9b2de7f6c2b1: Layer already exists
7f03dd22357e: Layer already exists
beeee5c62ce7: Layer already exists
2100ed0c6e43: Layer already exists
53b44ea813f3: Layer already exists
c27d840ed346: Layer already exists
2da453fba691: Layer already exists
b6c69e3687cd: Layer already exists
c76191c71d71: Layer already exists
763de18752a6: Layer already exists
8a3663a3ab53: Layer already exists
9337cf0a574c: Layer already exists
ae00bc353511: Layer already exists
0ff08e00de1c: Layer already exists
c1ffbdfcbb36: Layer already exists
4ff0fb1cb656: Layer already exists
3d95519b3b9d: Layer already exists
54f2b15b3ae7: Layer already exists
3b933de9ea37: Layer already exists
d688c2e165a0: Layer already exists
fd6a57223daf: Layer already exists
f62b9e3871a7: Layer already exists
56d823427e3b: Layer already exists
2f6ab5284a44: Layer already exists
b219246a5075: Layer already exists
5f70bf18a086: Layer already exists
0ba2d27e6372: Layer already exists
e4fba1275782: Layer already exists
6c49f8c352f1: Layer already exists
2250ef72a595: Layer already exists
411d503d2dc0: Layer already exists
930575f36f18: Layer already exists
7012a32e0039: Layer already exists
aba003c06511: Layer already exists
ddf4e4b0ae88: Layer already exists
915477d30c97: Layer already exists
4387a5931d9d: Layer already exists
f3dfd58ccd85: Layer already exists
9da45ff75753: Layer already exists
772ec40f4795: Layer already exists
6c54ea90bb3e: Layer already exists
f229b3f4a1a2: Layer already exists
8021dc4212b9: Layer already exists
c40f740e695d: Layer already exists
e48e1e27edc5: Layer already exists
51623680a5fd: Layer already exists
0bb80731929d: Layer already exists
135c9fbbf8bf: Layer already exists
cac92aab64df: Layer already exists
0fed2f3a9f12: Layer already exists
e26d64a5ff0e: Layer already exists
deceffc7b384: Layer already exists
45fffb5c0d32: Layer already exists
495bbaf4cc5c: Layer already exists
cc18467866bc: Layer already exists
b60fd1af0a9d: Layer already exists
a52c02546417: Layer already exists
187d2314ef56: Layer already exists
bringup-c5362f2: digest: sha256:f896cacd5a8aa5e498943a8001eb57448f3d4f1f69a8b2b50377760cd2a72ce6 size: 22438
